../Core/Src/main.c:89:6:HAL_TIM_PeriodElapsedCallback	16	static
../Core/Src/main.c:96:13:uart_rx_complete	48	static
../Core/Src/main.c:108:5:main	40	static
../Core/Src/main.c:275:6:SystemClock_Config	88	static
../Core/Src/main.c:316:13:MX_I2C1_Init	8	static
../Core/Src/main.c:350:13:MX_SPI1_Init	8	static
../Core/Src/main.c:388:13:MX_TIM1_Init	96	static
../Core/Src/main.c:462:13:MX_USART6_UART_Init	8	static
../Core/Src/main.c:493:13:MX_DMA_Init	16	static
../Core/Src/main.c:511:13:MX_GPIO_Init	40	static
../Core/Src/main.c:552:6:Error_Handler	4	static,ignoring_inline_asm
